Archive member included to satisfy reference by file (symbol)

/opt/st/stm32cubeide_1.8.0/plugins/com.st.stm32cube.ide.mcu.externaltools.gnu-tools-for-stm32.9-2020-q2-update.linux64_2.0.0.202105311346/tools/bin/../lib/gcc/arm-none-eabi/9.3.1/../../../../arm-none-eabi/lib/thumb/v7e-m+fp/hard/libc_nano.a(lib_a-errno.o)
                              ./Core/Src/syscalls.o (__errno)
/opt/st/stm32cubeide_1.8.0/plugins/com.st.stm32cube.ide.mcu.externaltools.gnu-tools-for-stm32.9-2020-q2-update.linux64_2.0.0.202105311346/tools/bin/../lib/gcc/arm-none-eabi/9.3.1/../../../../arm-none-eabi/lib/thumb/v7e-m+fp/hard/libc_nano.a(lib_a-exit.o)
                              /opt/st/stm32cubeide_1.8.0/plugins/com.st.stm32cube.ide.mcu.externaltools.gnu-tools-for-stm32.9-2020-q2-update.linux64_2.0.0.202105311346/tools/bin/../lib/gcc/arm-none-eabi/9.3.1/../../../../arm-none-eabi/lib/thumb/v7e-m+fp/hard/crt0.o (exit)
/opt/st/stm32cubeide_1.8.0/plugins/com.st.stm32cube.ide.mcu.externaltools.gnu-tools-for-stm32.9-2020-q2-update.linux64_2.0.0.202105311346/tools/bin/../lib/gcc/arm-none-eabi/9.3.1/../../../../arm-none-eabi/lib/thumb/v7e-m+fp/hard/libc_nano.a(lib_a-impure.o)
                              /opt/st/stm32cubeide_1.8.0/plugins/com.st.stm32cube.ide.mcu.externaltools.gnu-tools-for-stm32.9-2020-q2-update.linux64_2.0.0.202105311346/tools/bin/../lib/gcc/arm-none-eabi/9.3.1/../../../../arm-none-eabi/lib/thumb/v7e-m+fp/hard/libc_nano.a(lib_a-exit.o) (_global_impure_ptr)
/opt/st/stm32cubeide_1.8.0/plugins/com.st.stm32cube.ide.mcu.externaltools.gnu-tools-for-stm32.9-2020-q2-update.linux64_2.0.0.202105311346/tools/bin/../lib/gcc/arm-none-eabi/9.3.1/../../../../arm-none-eabi/lib/thumb/v7e-m+fp/hard/libc_nano.a(lib_a-init.o)
                              /opt/st/stm32cubeide_1.8.0/plugins/com.st.stm32cube.ide.mcu.externaltools.gnu-tools-for-stm32.9-2020-q2-update.linux64_2.0.0.202105311346/tools/bin/../lib/gcc/arm-none-eabi/9.3.1/../../../../arm-none-eabi/lib/thumb/v7e-m+fp/hard/crt0.o (__libc_init_array)
/opt/st/stm32cubeide_1.8.0/plugins/com.st.stm32cube.ide.mcu.externaltools.gnu-tools-for-stm32.9-2020-q2-update.linux64_2.0.0.202105311346/tools/bin/../lib/gcc/arm-none-eabi/9.3.1/../../../../arm-none-eabi/lib/thumb/v7e-m+fp/hard/libc_nano.a(lib_a-memset.o)
                              /opt/st/stm32cubeide_1.8.0/plugins/com.st.stm32cube.ide.mcu.externaltools.gnu-tools-for-stm32.9-2020-q2-update.linux64_2.0.0.202105311346/tools/bin/../lib/gcc/arm-none-eabi/9.3.1/../../../../arm-none-eabi/lib/thumb/v7e-m+fp/hard/crt0.o (memset)

Allocating common symbols
Common symbol       size              file

hUsbDeviceFS        0x2d0             ./USB_Device/App/usb_device.o
htim4               0x4c              ./Core/Src/main.o
htim17              0x4c              ./Core/Src/main.o
uwTick              0x4               ./Drivers/STM32G4xx_HAL_Driver/Src/stm32g4xx_hal.o
UserRxBufferFS      0x3e8             ./USB_Device/App/usbd_cdc_if.o
htim3               0x4c              ./Core/Src/main.o
UserTxBufferFS      0x3e8             ./USB_Device/App/usbd_cdc_if.o
htim6               0x4c              ./Core/Src/main.o
htim1               0x4c              ./Core/Src/main.o
hdma_tim16_ch1      0x60              ./Core/Src/main.o
htim2               0x4c              ./Core/Src/main.o
hpcd_USB_FS         0x2f4             ./USB_Device/Target/usbd_conf.o
USBD_StrDesc        0x200             ./USB_Device/App/usbd_desc.o
htim16              0x4c              ./Core/Src/main.o

Discarded input sections

 .text          0x0000000000000000        0x0 /opt/st/stm32cubeide_1.8.0/plugins/com.st.stm32cube.ide.mcu.externaltools.gnu-tools-for-stm32.9-2020-q2-update.linux64_2.0.0.202105311346/tools/bin/../lib/gcc/arm-none-eabi/9.3.1/thumb/v7e-m+fp/hard/crti.o
 .data          0x0000000000000000        0x0 /opt/st/stm32cubeide_1.8.0/plugins/com.st.stm32cube.ide.mcu.externaltools.gnu-tools-for-stm32.9-2020-q2-update.linux64_2.0.0.202105311346/tools/bin/../lib/gcc/arm-none-eabi/9.3.1/thumb/v7e-m+fp/hard/crti.o
 .bss           0x0000000000000000        0x0 /opt/st/stm32cubeide_1.8.0/plugins/com.st.stm32cube.ide.mcu.externaltools.gnu-tools-for-stm32.9-2020-q2-update.linux64_2.0.0.202105311346/tools/bin/../lib/gcc/arm-none-eabi/9.3.1/thumb/v7e-m+fp/hard/crti.o
 .data          0x0000000000000000        0x4 /opt/st/stm32cubeide_1.8.0/plugins/com.st.stm32cube.ide.mcu.externaltools.gnu-tools-for-stm32.9-2020-q2-update.linux64_2.0.0.202105311346/tools/bin/../lib/gcc/arm-none-eabi/9.3.1/thumb/v7e-m+fp/hard/crtbegin.o
 .text          0x0000000000000000       0x7c /opt/st/stm32cubeide_1.8.0/plugins/com.st.stm32cube.ide.mcu.externaltools.gnu-tools-for-stm32.9-2020-q2-update.linux64_2.0.0.202105311346/tools/bin/../lib/gcc/arm-none-eabi/9.3.1/../../../../arm-none-eabi/lib/thumb/v7e-m+fp/hard/crt0.o
[...]
Memory Configuration

Name             Origin             Length             Attributes
RAM              0x0000000020000000 0x0000000000008000 xrw
FLASH            0x0000000008000000 0x0000000000020000 xr
*default*        0x0000000000000000 0xffffffffffffffff

Linker script and memory map

LOAD /opt/st/stm32cubeide_1.8.0/plugins/com.st.stm32cube.ide.mcu.externaltools.gnu-tools-for-stm32.9-2020-q2-update.linux64_2.0.0.202105311346/tools/bin/../lib/gcc/arm-none-eabi/9.3.1/thumb/v7e-m+fp/hard/crti.o
LOAD /opt/st/stm32cubeide_1.8.0/plugins/com.st.stm32cube.ide.mcu.externaltools.gnu-tools-for-stm32.9-2020-q2-update.linux64_2.0.0.202105311346/tools/bin/../lib/gcc/arm-none-eabi/9.3.1/thumb/v7e-m+fp/hard/crtbegin.o
LOAD /opt/st/stm32cubeide_1.8.0/plugins/com.st.stm32cube.ide.mcu.externaltools.gnu-tools-for-stm32.9-2020-q2-update.linux64_2.0.0.202105311346/tools/bin/../lib/gcc/arm-none-eabi/9.3.1/../../../../arm-none-eabi/lib/thumb/v7e-m+fp/hard/crt0.o
LOAD ./Core/Src/main.o
LOAD ./Core/Src/stm32g4xx_hal_msp.o
LOAD ./Core/Src/stm32g4xx_it.o
LOAD ./Core/Src/syscalls.o
LOAD ./Core/Src/sysmem.o
LOAD ./Core/Src/system_stm32g4xx.o
LOAD ./Core/Startup/startup_stm32g441kbtx.o
LOAD ./Drivers/STM32G4xx_HAL_Driver/Src/stm32g4xx_hal.o
LOAD ./Drivers/STM32G4xx_HAL_Driver/Src/stm32g4xx_hal_cortex.o
LOAD ./Drivers/STM32G4xx_HAL_Driver/Src/stm32g4xx_hal_dma.o
LOAD ./Drivers/STM32G4xx_HAL_Driver/Src/stm32g4xx_hal_dma_ex.o
LOAD ./Drivers/STM32G4xx_HAL_Driver/Src/stm32g4xx_hal_exti.o
LOAD ./Drivers/STM32G4xx_HAL_Driver/Src/stm32g4xx_hal_flash.o
LOAD ./Drivers/STM32G4xx_HAL_Driver/Src/stm32g4xx_hal_flash_ex.o
LOAD ./Drivers/STM32G4xx_HAL_Driver/Src/stm32g4xx_hal_flash_ramfunc.o
LOAD ./Drivers/STM32G4xx_HAL_Driver/Src/stm32g4xx_hal_gpio.o
LOAD ./Drivers/STM32G4xx_HAL_Driver/Src/stm32g4xx_hal_pcd.o
LOAD ./Drivers/STM32G4xx_HAL_Driver/Src/stm32g4xx_hal_pcd_ex.o
LOAD ./Drivers/STM32G4xx_HAL_Driver/Src/stm32g4xx_hal_pwr.o
LOAD ./Drivers/STM32G4xx_HAL_Driver/Src/stm32g4xx_hal_pwr_ex.o
LOAD ./Drivers/STM32G4xx_HAL_Driver/Src/stm32g4xx_hal_rcc.o
LOAD ./Drivers/STM32G4xx_HAL_Driver/Src/stm32g4xx_hal_rcc_ex.o
LOAD ./Drivers/STM32G4xx_HAL_Driver/Src/stm32g4xx_hal_tim.o
LOAD ./Drivers/STM32G4xx_HAL_Driver/Src/stm32g4xx_hal_tim_ex.o
LOAD ./Drivers/STM32G4xx_HAL_Driver/Src/stm32g4xx_ll_usb.o
LOAD ./Middlewares/ST/STM32_USB_Device_Library/Class/CDC/Src/usbd_cdc.o
LOAD ./Middlewares/ST/STM32_USB_Device_Library/Core/Src/usbd_core.o
LOAD ./Middlewares/ST/STM32_USB_Device_Library/Core/Src/usbd_ctlreq.o
LOAD ./Middlewares/ST/STM32_USB_Device_Library/Core/Src/usbd_ioreq.o
LOAD ./USB_Device/App/usb_device.o
LOAD ./USB_Device/App/usbd_cdc_if.o
LOAD ./USB_Device/App/usbd_desc.o
LOAD ./USB_Device/Target/usbd_conf.o
START GROUP
LOAD /opt/st/stm32cubeide_1.8.0/plugins/com.st.stm32cube.ide.mcu.externaltools.gnu-tools-for-stm32.9-2020-q2-update.linux64_2.0.0.202105311346/tools/bin/../lib/gcc/arm-none-eabi/9.3.1/../../../../arm-none-eabi/lib/thumb/v7e-m+fp/hard/libc_nano.a
LOAD /opt/st/stm32cubeide_1.8.0/plugins/com.st.stm32cube.ide.mcu.externaltools.gnu-tools-for-stm32.9-2020-q2-update.linux64_2.0.0.202105311346/tools/bin/../lib/gcc/arm-none-eabi/9.3.1/../../../../arm-none-eabi/lib/thumb/v7e-m+fp/hard/libm.a
END GROUP
START GROUP
LOAD /opt/st/stm32cubeide_1.8.0/plugins/com.st.stm32cube.ide.mcu.externaltools.gnu-tools-for-stm32.9-2020-q2-update.linux64_2.0.0.202105311346/tools/bin/../lib/gcc/arm-none-eabi/9.3.1/thumb/v7e-m+fp/hard/libgcc.a
LOAD /opt/st/stm32cubeide_1.8.0/plugins/com.st.stm32cube.ide.mcu.externaltools.gnu-tools-for-stm32.9-2020-q2-update.linux64_2.0.0.202105311346/tools/bin/../lib/gcc/arm-none-eabi/9.3.1/../../../../arm-none-eabi/lib/thumb/v7e-m+fp/hard/libc_nano.a
END GROUP
START GROUP
LOAD /opt/st/stm32cubeide_1.8.0/plugins/com.st.stm32cube.ide.mcu.externaltools.gnu-tools-for-stm32.9-2020-q2-update.linux64_2.0.0.202105311346/tools/bin/../lib/gcc/arm-none-eabi/9.3.1/thumb/v7e-m+fp/hard/libgcc.a
LOAD /opt/st/stm32cubeide_1.8.0/plugins/com.st.stm32cube.ide.mcu.externaltools.gnu-tools-for-stm32.9-2020-q2-update.linux64_2.0.0.202105311346/tools/bin/../lib/gcc/arm-none-eabi/9.3.1/../../../../arm-none-eabi/lib/thumb/v7e-m+fp/hard/libc_nano.a
LOAD /opt/st/stm32cubeide_1.8.0/plugins/com.st.stm32cube.ide.mcu.externaltools.gnu-tools-for-stm32.9-2020-q2-update.linux64_2.0.0.202105311346/tools/bin/../lib/gcc/arm-none-eabi/9.3.1/../../../../arm-none-eabi/lib/thumb/v7e-m+fp/hard/libnosys.a
END GROUP
START GROUP
LOAD /opt/st/stm32cubeide_1.8.0/plugins/com.st.stm32cube.ide.mcu.externaltools.gnu-tools-for-stm32.9-2020-q2-update.linux64_2.0.0.202105311346/tools/bin/../lib/gcc/arm-none-eabi/9.3.1/thumb/v7e-m+fp/hard/libgcc.a
LOAD /opt/st/stm32cubeide_1.8.0/plugins/com.st.stm32cube.ide.mcu.externaltools.gnu-tools-for-stm32.9-2020-q2-update.linux64_2.0.0.202105311346/tools/bin/../lib/gcc/arm-none-eabi/9.3.1/../../../../arm-none-eabi/lib/thumb/v7e-m+fp/hard/libc_nano.a
LOAD /opt/st/stm32cubeide_1.8.0/plugins/com.st.stm32cube.ide.mcu.externaltools.gnu-tools-for-stm32.9-2020-q2-update.linux64_2.0.0.202105311346/tools/bin/../lib/gcc/arm-none-eabi/9.3.1/../../../../arm-none-eabi/lib/thumb/v7e-m+fp/hard/libnosys.a
END GROUP
LOAD /opt/st/stm32cubeide_1.8.0/plugins/com.st.stm32cube.ide.mcu.externaltools.gnu-tools-for-stm32.9-2020-q2-update.linux64_2.0.0.202105311346/tools/bin/../lib/gcc/arm-none-eabi/9.3.1/thumb/v7e-m+fp/hard/crtend.o
LOAD /opt/st/stm32cubeide_1.8.0/plugins/com.st.stm32cube.ide.mcu.externaltools.gnu-tools-for-stm32.9-2020-q2-update.linux64_2.0.0.202105311346/tools/bin/../lib/gcc/arm-none-eabi/9.3.1/thumb/v7e-m+fp/hard/crtn.o
                0x0000000020008000                _estack = (ORIGIN (RAM) + LENGTH (RAM))
                0x0000000000000200                _Min_Heap_Size = 0x200
                0x0000000000000400                _Min_Stack_Size = 0x400

.isr_vector     0x0000000008000000      0x1d8
                0x0000000008000000                . = ALIGN (0x4)
 *(.isr_vector)
 .isr_vector    0x0000000008000000      0x1d8 ./Core/Startup/startup_stm32g441kbtx.o
                0x0000000008000000                g_pfnVectors
                0x00000000080001d8                . = ALIGN (0x4)

.text           0x00000000080001d8     0x5174
                0x00000000080001d8                . = ALIGN (0x4)
 *(.text)
 .text          0x00000000080001d8       0x40 /opt/st/stm32cubeide_1.8.0/plugins/com.st.stm32cube.ide.mcu.externaltools.gnu-tools-for-stm32.9-2020-q2-update.linux64_2.0.0.202105311346/tools/bin/../lib/gcc/arm-none-eabi/9.3.1/thumb/v7e-m+fp/hard/crtbegin.o
 *(.text*)
 .text.CDC_On_Receive
                0x0000000008000218       0x30 ./Core/Src/main.o
                0x0000000008000218                CDC_On_Receive
 .text.enableMotorDrivers
                0x0000000008000248       0x14 ./Core/Src/main.o
                0x0000000008000248                enableMotorDrivers
 .text.controlMotor
                0x000000000800025c       0x48 ./Core/Src/main.o
                0x000000000800025c                controlMotor
 .text.HAL_TIM_PeriodElapsedCallback
                0x00000000080002a4      0x118 ./Core/Src/main.o
                0x00000000080002a4                HAL_TIM_PeriodElapsedCallback
 .text.SystemClock_Config
                0x00000000080003bc       0x70 ./Core/Src/main.o
                0x00000000080003bc                SystemClock_Config
 .text.startup.main
                0x000000000800042c      0x494 ./Core/Src/main.o
                0x000000000800042c                main
 .text.Error_Handler
                0x00000000080008c0        0x4 ./Core/Src/main.o
                0x00000000080008c0                Error_Handler
 .text.HAL_MspInit
                0x00000000080008c4       0x34 ./Core/Src/stm32g4xx_hal_msp.o
                0x00000000080008c4                HAL_MspInit
 .text.HAL_TIM_Encoder_MspInit
                0x00000000080008f8       0xe8 ./Core/Src/stm32g4xx_hal_msp.o
                0x00000000080008f8                HAL_TIM_Encoder_MspInit
 .text.HAL_TIM_PWM_MspInit
                0x00000000080009e0       0x3c ./Core/Src/stm32g4xx_hal_msp.o
                0x00000000080009e0                HAL_TIM_PWM_MspInit
 .text.HAL_TIM_Base_MspInit
                0x0000000008000a1c       0xc0 ./Core/Src/stm32g4xx_hal_msp.o
                0x0000000008000a1c                HAL_TIM_Base_MspInit
 .text.HAL_TIM_MspPostInit
                0x0000000008000adc       0x98 ./Core/Src/stm32g4xx_hal_msp.o
                0x0000000008000adc                HAL_TIM_MspPostInit
 .text.NMI_Handler
                0x0000000008000b74        0x2 ./Core/Src/stm32g4xx_it.o
                0x0000000008000b74                NMI_Handler
 .text.HardFault_Handler
                0x0000000008000b76        0x2 ./Core/Src/stm32g4xx_it.o
                0x0000000008000b76                HardFault_Handler
 .text.MemManage_Handler
                0x0000000008000b78        0x2 ./Core/Src/stm32g4xx_it.o
                0x0000000008000b78                MemManage_Handler
 .text.BusFault_Handler
                0x0000000008000b7a        0x2 ./Core/Src/stm32g4xx_it.o
                0x0000000008000b7a                BusFault_Handler
 .text.UsageFault_Handler
                0x0000000008000b7c        0x2 ./Core/Src/stm32g4xx_it.o
                0x0000000008000b7c                UsageFault_Handler
 .text.SVC_Handler
                0x0000000008000b7e        0x2 ./Core/Src/stm32g4xx_it.o
                0x0000000008000b7e                SVC_Handler
 .text.DebugMon_Handler
                0x0000000008000b80        0x2 ./Core/Src/stm32g4xx_it.o
                0x0000000008000b80                DebugMon_Handler
 .text.PendSV_Handler
                0x0000000008000b82        0x2 ./Core/Src/stm32g4xx_it.o
                0x0000000008000b82                PendSV_Handler
 .text.SysTick_Handler
                0x0000000008000b84        0x4 ./Core/Src/stm32g4xx_it.o
                0x0000000008000b84                SysTick_Handler
 .text.DMA1_Channel1_IRQHandler
                0x0000000008000b88        0xc ./Core/Src/stm32g4xx_it.o
                0x0000000008000b88                DMA1_Channel1_IRQHandler
 .text.USB_LP_IRQHandler
                0x0000000008000b94        0xc ./Core/Src/stm32g4xx_it.o
                0x0000000008000b94                USB_LP_IRQHandler
 .text.TIM2_IRQHandler
                0x0000000008000ba0        0xc ./Core/Src/stm32g4xx_it.o
                0x0000000008000ba0                TIM2_IRQHandler
 .text.TIM6_DAC_IRQHandler
                0x0000000008000bac        0xc ./Core/Src/stm32g4xx_it.o
                0x0000000008000bac                TIM6_DAC_IRQHandler
 .text.SystemInit
                0x0000000008000bb8       0x14 ./Core/Src/system_stm32g4xx.o
                0x0000000008000bb8                SystemInit
 .text.Reset_Handler
                0x0000000008000bcc       0x50 ./Core/Startup/startup_stm32g441kbtx.o
                0x0000000008000bcc                Reset_Handler
 .text.Default_Handler
                0x0000000008000c1c        0x2 ./Core/Startup/startup_stm32g441kbtx.o
                0x0000000008000c1c                RTC_Alarm_IRQHandler
                0x0000000008000c1c                EXTI2_IRQHandler
                0x0000000008000c1c                TIM8_TRG_COM_IRQHandler
                0x0000000008000c1c                TIM8_CC_IRQHandler
                0x0000000008000c1c                TIM1_CC_IRQHandler
                0x0000000008000c1c                USB_HP_IRQHandler
                0x0000000008000c1c                CORDIC_IRQHandler
                0x0000000008000c1c                EXTI3_IRQHandler
                0x0000000008000c1c                I2C3_ER_IRQHandler
                0x0000000008000c1c                EXTI0_IRQHandler
                0x0000000008000c1c                I2C2_EV_IRQHandler
                0x0000000008000c1c                FPU_IRQHandler
                0x0000000008000c1c                FDCAN1_IT1_IRQHandler
                0x0000000008000c1c                TIM1_UP_TIM16_IRQHandler
                0x0000000008000c1c                ADC1_2_IRQHandler
                0x0000000008000c1c                SPI1_IRQHandler
                0x0000000008000c1c                TIM8_UP_IRQHandler
                0x0000000008000c1c                DMA2_Channel2_IRQHandler
                0x0000000008000c1c                DMA1_Channel4_IRQHandler
                0x0000000008000c1c                USART3_IRQHandler
                0x0000000008000c1c                TIM4_IRQHandler
                0x0000000008000c1c                DMA2_Channel1_IRQHandler
                0x0000000008000c1c                I2C1_EV_IRQHandler
                0x0000000008000c1c                DMA1_Channel6_IRQHandler
                0x0000000008000c1c                UART4_IRQHandler
                0x0000000008000c1c                DMA2_Channel4_IRQHandler
                0x0000000008000c1c                TIM3_IRQHandler
                0x0000000008000c1c                RCC_IRQHandler
                0x0000000008000c1c                Default_Handler
                0x0000000008000c1c                RTC_TAMP_LSECSS_IRQHandler
                0x0000000008000c1c                FMAC_IRQHandler
                0x0000000008000c1c                EXTI15_10_IRQHandler
                0x0000000008000c1c                TIM7_IRQHandler
                0x0000000008000c1c                UCPD1_IRQHandler
                0x0000000008000c1c                I2C3_EV_IRQHandler
                0x0000000008000c1c                EXTI9_5_IRQHandler
                0x0000000008000c1c                RTC_WKUP_IRQHandler
                0x0000000008000c1c                PVD_PVM_IRQHandler
                0x0000000008000c1c                SPI2_IRQHandler
                0x0000000008000c1c                DMA2_Channel5_IRQHandler
                0x0000000008000c1c                CRS_IRQHandler
                0x0000000008000c1c                DMA1_Channel5_IRQHandler
                0x0000000008000c1c                EXTI4_IRQHandler
                0x0000000008000c1c                RNG_IRQHandler
                0x0000000008000c1c                TIM1_TRG_COM_TIM17_IRQHandler
                0x0000000008000c1c                DMA1_Channel3_IRQHandler
                0x0000000008000c1c                WWDG_IRQHandler
                0x0000000008000c1c                LPUART1_IRQHandler
                0x0000000008000c1c                DMA2_Channel6_IRQHandler
                0x0000000008000c1c                FDCAN1_IT0_IRQHandler
                0x0000000008000c1c                COMP1_2_3_IRQHandler
                0x0000000008000c1c                EXTI1_IRQHandler
                0x0000000008000c1c                AES_IRQHandler
                0x0000000008000c1c                USART2_IRQHandler
                0x0000000008000c1c                I2C2_ER_IRQHandler
                0x0000000008000c1c                DMA1_Channel2_IRQHandler
                0x0000000008000c1c                TIM8_BRK_IRQHandler
                0x0000000008000c1c                FLASH_IRQHandler
                0x0000000008000c1c                USART1_IRQHandler
                0x0000000008000c1c                SPI3_IRQHandler
                0x0000000008000c1c                I2C1_ER_IRQHandler
                0x0000000008000c1c                LPTIM1_IRQHandler
                0x0000000008000c1c                DMAMUX_OVR_IRQHandler
                0x0000000008000c1c                USBWakeUp_IRQHandler
                0x0000000008000c1c                SAI1_IRQHandler
                0x0000000008000c1c                DMA2_Channel3_IRQHandler
                0x0000000008000c1c                COMP4_IRQHandler
                0x0000000008000c1c                TIM1_BRK_TIM15_IRQHandler
 *fill*         0x0000000008000c1e        0x2 
 .text.HAL_InitTick
                0x0000000008000c20       0x4c ./Drivers/STM32G4xx_HAL_Driver/Src/stm32g4xx_hal.o
                0x0000000008000c20                HAL_InitTick
 .text.HAL_Init
                0x0000000008000c6c       0x1e ./Drivers/STM32G4xx_HAL_Driver/Src/stm32g4xx_hal.o
                0x0000000008000c6c                HAL_Init
 *fill*         0x0000000008000c8a        0x2 
 .text.HAL_IncTick
                0x0000000008000c8c       0x18 ./Drivers/STM32G4xx_HAL_Driver/Src/stm32g4xx_hal.o
                0x0000000008000c8c                HAL_IncTick
 .text.HAL_GetTick
                0x0000000008000ca4        0xc ./Drivers/STM32G4xx_HAL_Driver/Src/stm32g4xx_hal.o
                0x0000000008000ca4                HAL_GetTick
 .text.HAL_NVIC_SetPriorityGrouping
                0x0000000008000cb0       0x24 ./Drivers/STM32G4xx_HAL_Driver/Src/stm32g4xx_hal_cortex.o
                0x0000000008000cb0                HAL_NVIC_SetPriorityGrouping
 .text.HAL_NVIC_SetPriority
                0x0000000008000cd4       0x64 ./Drivers/STM32G4xx_HAL_Driver/Src/stm32g4xx_hal_cortex.o
                0x0000000008000cd4                HAL_NVIC_SetPriority
 .text.HAL_NVIC_EnableIRQ
                0x0000000008000d38       0x1c ./Drivers/STM32G4xx_HAL_Driver/Src/stm32g4xx_hal_cortex.o
                0x0000000008000d38                HAL_NVIC_EnableIRQ
 .text.HAL_SYSTICK_Config
                0x0000000008000d54       0x2c ./Drivers/STM32G4xx_HAL_Driver/Src/stm32g4xx_hal_cortex.o
                0x0000000008000d54                HAL_SYSTICK_Config
 .text.DMA_SetConfig
                0x0000000008000d80       0x34 ./Drivers/STM32G4xx_HAL_Driver/Src/stm32g4xx_hal_dma.o
 .text.DMA_CalcDMAMUXChannelBaseAndMask
                0x0000000008000db4       0x48 ./Drivers/STM32G4xx_HAL_Driver/Src/stm32g4xx_hal_dma.o
 .text.HAL_DMA_Init
                0x0000000008000dfc       0xe0 ./Drivers/STM32G4xx_HAL_Driver/Src/stm32g4xx_hal_dma.o
                0x0000000008000dfc                HAL_DMA_Init
 .text.HAL_DMA_Start_IT
                0x0000000008000edc       0x84 ./Drivers/STM32G4xx_HAL_Driver/Src/stm32g4xx_hal_dma.o
                0x0000000008000edc                HAL_DMA_Start_IT
 .text.HAL_DMA_IRQHandler
                0x0000000008000f60       0x94 ./Drivers/STM32G4xx_HAL_Driver/Src/stm32g4xx_hal_dma.o
                0x0000000008000f60                HAL_DMA_IRQHandler
 .text.HAL_GPIO_Init
                0x0000000008000ff4      0x198 ./Drivers/STM32G4xx_HAL_Driver/Src/stm32g4xx_hal_gpio.o
                0x0000000008000ff4                HAL_GPIO_Init
 .text.HAL_GPIO_WritePin
                0x000000000800118c        0xa ./Drivers/STM32G4xx_HAL_Driver/Src/stm32g4xx_hal_gpio.o
                0x000000000800118c                HAL_GPIO_WritePin
 .text.HAL_GPIO_TogglePin
                0x0000000008001196       0x12 ./Drivers/STM32G4xx_HAL_Driver/Src/stm32g4xx_hal_gpio.o
                0x0000000008001196                HAL_GPIO_TogglePin
 .text.HAL_PCD_Init
                0x00000000080011a8       0xbc ./Drivers/STM32G4xx_HAL_Driver/Src/stm32g4xx_hal_pcd.o
                0x00000000080011a8                HAL_PCD_Init
 .text.HAL_PCD_Start
                0x0000000008001264       0x2a ./Drivers/STM32G4xx_HAL_Driver/Src/stm32g4xx_hal_pcd.o
                0x0000000008001264                HAL_PCD_Start
 .text.HAL_PCD_SetAddress
                0x000000000800128e       0x28 ./Drivers/STM32G4xx_HAL_Driver/Src/stm32g4xx_hal_pcd.o
                0x000000000800128e                HAL_PCD_SetAddress
 *fill*         0x00000000080012b6        0x2 
 .text.HAL_PCD_IRQHandler
                0x00000000080012b8      0xa1c ./Drivers/STM32G4xx_HAL_Driver/Src/stm32g4xx_hal_pcd.o
                0x00000000080012b8                HAL_PCD_IRQHandler
 .text.HAL_PCD_EP_Open
                0x0000000008001cd4       0x64 ./Drivers/STM32G4xx_HAL_Driver/Src/stm32g4xx_hal_pcd.o
                0x0000000008001cd4                HAL_PCD_EP_Open
 .text.HAL_PCD_EP_Close
                0x0000000008001d38       0x52 ./Drivers/STM32G4xx_HAL_Driver/Src/stm32g4xx_hal_pcd.o
                0x0000000008001d38                HAL_PCD_EP_Close
 .text.HAL_PCD_EP_Receive
                0x0000000008001d8a       0x2c ./Drivers/STM32G4xx_HAL_Driver/Src/stm32g4xx_hal_pcd.o
                0x0000000008001d8a                HAL_PCD_EP_Receive
 .text.HAL_PCD_EP_GetRxCount
                0x0000000008001db6       0x10 ./Drivers/STM32G4xx_HAL_Driver/Src/stm32g4xx_hal_pcd.o
                0x0000000008001db6                HAL_PCD_EP_GetRxCount
 .text.HAL_PCD_EP_Transmit
                0x0000000008001dc6       0x3c ./Drivers/STM32G4xx_HAL_Driver/Src/stm32g4xx_hal_pcd.o
                0x0000000008001dc6                HAL_PCD_EP_Transmit
 .text.HAL_PCD_EP_SetStall
                0x0000000008001e02       0x60 ./Drivers/STM32G4xx_HAL_Driver/Src/stm32g4xx_hal_pcd.o
                0x0000000008001e02                HAL_PCD_EP_SetStall
 .text.HAL_PCD_EP_ClrStall
                0x0000000008001e62       0x64 ./Drivers/STM32G4xx_HAL_Driver/Src/stm32g4xx_hal_pcd.o
                0x0000000008001e62                HAL_PCD_EP_ClrStall
 .text.HAL_PCDEx_PMAConfig
                0x0000000008001ec6       0x34 ./Drivers/STM32G4xx_HAL_Driver/Src/stm32g4xx_hal_pcd_ex.o
                0x0000000008001ec6                HAL_PCDEx_PMAConfig
 .text.HAL_PCDEx_ActivateLPM
                0x0000000008001efa       0x2e ./Drivers/STM32G4xx_HAL_Driver/Src/stm32g4xx_hal_pcd_ex.o
                0x0000000008001efa                HAL_PCDEx_ActivateLPM
 .text.HAL_PWREx_ControlVoltageScaling
                0x0000000008001f28       0xb8 ./Drivers/STM32G4xx_HAL_Driver/Src/stm32g4xx_hal_pwr_ex.o
                0x0000000008001f28                HAL_PWREx_ControlVoltageScaling
 .text.HAL_PWREx_DisableUCPDDeadBattery
                0x0000000008001fe0       0x10 ./Drivers/STM32G4xx_HAL_Driver/Src/stm32g4xx_hal_pwr_ex.o
                0x0000000008001fe0                HAL_PWREx_DisableUCPDDeadBattery
 .text.HAL_RCC_OscConfig
                0x0000000008001ff0      0x420 ./Drivers/STM32G4xx_HAL_Driver/Src/stm32g4xx_hal_rcc.o
                0x0000000008001ff0                HAL_RCC_OscConfig
 .text.HAL_RCC_GetSysClockFreq
                0x0000000008002410       0x70 ./Drivers/STM32G4xx_HAL_Driver/Src/stm32g4xx_hal_rcc.o
                0x0000000008002410                HAL_RCC_GetSysClockFreq
 .text.HAL_RCC_ClockConfig
                0x0000000008002480      0x1e8 ./Drivers/STM32G4xx_HAL_Driver/Src/stm32g4xx_hal_rcc.o
                0x0000000008002480                HAL_RCC_ClockConfig
 .text.HAL_RCCEx_PeriphCLKConfig
                0x0000000008002668      0x27c ./Drivers/STM32G4xx_HAL_Driver/Src/stm32g4xx_hal_rcc_ex.o
                0x0000000008002668                HAL_RCCEx_PeriphCLKConfig
 .text.TIM_OC1_SetConfig
                0x00000000080028e4       0x98 ./Drivers/STM32G4xx_HAL_Driver/Src/stm32g4xx_hal_tim.o
 .text.TIM_OC3_SetConfig
                0x000000000800297c       0x88 ./Drivers/STM32G4xx_HAL_Driver/Src/stm32g4xx_hal_tim.o
 .text.TIM_OC4_SetConfig
                0x0000000008002a04       0x8c ./Drivers/STM32G4xx_HAL_Driver/Src/stm32g4xx_hal_tim.o
 .text.TIM_OC5_SetConfig
                0x0000000008002a90       0x68 ./Drivers/STM32G4xx_HAL_Driver/Src/stm32g4xx_hal_tim.o
 .text.TIM_OC6_SetConfig
                0x0000000008002af8       0x68 ./Drivers/STM32G4xx_HAL_Driver/Src/stm32g4xx_hal_tim.o
 .text.HAL_TIM_Base_Start_IT
                0x0000000008002b60       0x6c ./Drivers/STM32G4xx_HAL_Driver/Src/stm32g4xx_hal_tim.o
                0x0000000008002b60                HAL_TIM_Base_Start_IT
 .text.HAL_TIM_Encoder_Start
                0x0000000008002bcc       0xb6 ./Drivers/STM32G4xx_HAL_Driver/Src/stm32g4xx_hal_tim.o
                0x0000000008002bcc                HAL_TIM_Encoder_Start
 .text.HAL_TIM_OC_DelayElapsedCallback
                0x0000000008002c82        0x2 ./Drivers/STM32G4xx_HAL_Driver/Src/stm32g4xx_hal_tim.o
                0x0000000008002c82                HAL_TIM_OC_DelayElapsedCallback
 .text.HAL_TIM_IC_CaptureCallback
                0x0000000008002c84        0x2 ./Drivers/STM32G4xx_HAL_Driver/Src/stm32g4xx_hal_tim.o
                0x0000000008002c84                HAL_TIM_IC_CaptureCallback
 .text.HAL_TIM_PWM_PulseFinishedCallback
                0x0000000008002c86        0x2 ./Drivers/STM32G4xx_HAL_Driver/Src/stm32g4xx_hal_tim.o
                0x0000000008002c86                HAL_TIM_PWM_PulseFinishedCallback
 .text.TIM_DMADelayPulseCplt
                0x0000000008002c88       0x6a ./Drivers/STM32G4xx_HAL_Driver/Src/stm32g4xx_hal_tim.o
 .text.HAL_TIM_PWM_PulseFinishedHalfCpltCallback
                0x0000000008002cf2        0x2 ./Drivers/STM32G4xx_HAL_Driver/Src/stm32g4xx_hal_tim.o
                0x0000000008002cf2                HAL_TIM_PWM_PulseFinishedHalfCpltCallback
 .text.TIM_DMADelayPulseHalfCplt
                0x0000000008002cf4       0x38 ./Drivers/STM32G4xx_HAL_Driver/Src/stm32g4xx_hal_tim.o
                0x0000000008002cf4                TIM_DMADelayPulseHalfCplt
 .text.HAL_TIM_TriggerCallback
                0x0000000008002d2c        0x2 ./Drivers/STM32G4xx_HAL_Driver/Src/stm32g4xx_hal_tim.o
                0x0000000008002d2c                HAL_TIM_TriggerCallback
 .text.HAL_TIM_IRQHandler
                0x0000000008002d2e      0x1ce ./Drivers/STM32G4xx_HAL_Driver/Src/stm32g4xx_hal_tim.o
                0x0000000008002d2e                HAL_TIM_IRQHandler
 .text.HAL_TIM_ErrorCallback
                0x0000000008002efc        0x2 ./Drivers/STM32G4xx_HAL_Driver/Src/stm32g4xx_hal_tim.o
                0x0000000008002efc                HAL_TIM_ErrorCallback
 .text.TIM_DMAError
                0x0000000008002efe       0x58 ./Drivers/STM32G4xx_HAL_Driver/Src/stm32g4xx_hal_tim.o
                0x0000000008002efe                TIM_DMAError
 *fill*         0x0000000008002f56        0x2 
 .text.TIM_Base_SetConfig
                0x0000000008002f58       0xbc ./Drivers/STM32G4xx_HAL_Driver/Src/stm32g4xx_hal_tim.o
                0x0000000008002f58                TIM_Base_SetConfig
 .text.HAL_TIM_Base_Init
                0x0000000008003014       0x60 ./Drivers/STM32G4xx_HAL_Driver/Src/stm32g4xx_hal_tim.o
                0x0000000008003014                HAL_TIM_Base_Init
 .text.HAL_TIM_PWM_Init
                0x0000000008003074       0x60 ./Drivers/STM32G4xx_HAL_Driver/Src/stm32g4xx_hal_tim.o
                0x0000000008003074                HAL_TIM_PWM_Init
 .text.HAL_TIM_Encoder_Init
                0x00000000080030d4       0xaa ./Drivers/STM32G4xx_HAL_Driver/Src/stm32g4xx_hal_tim.o
                0x00000000080030d4                HAL_TIM_Encoder_Init
 *fill*         0x000000000800317e        0x2 
 .text.TIM_OC2_SetConfig
                0x0000000008003180       0x8c ./Drivers/STM32G4xx_HAL_Driver/Src/stm32g4xx_hal_tim.o
                0x0000000008003180                TIM_OC2_SetConfig
 .text.HAL_TIM_PWM_ConfigChannel
                0x000000000800320c      0x108 ./Drivers/STM32G4xx_HAL_Driver/Src/stm32g4xx_hal_tim.o
                0x000000000800320c                HAL_TIM_PWM_ConfigChannel
 .text.TIM_CCxChannelCmd
                0x0000000008003314       0x1c ./Drivers/STM32G4xx_HAL_Driver/Src/stm32g4xx_hal_tim.o
                0x0000000008003314                TIM_CCxChannelCmd
 .text.HAL_TIM_OC_Start
                0x0000000008003330      0x108 ./Drivers/STM32G4xx_HAL_Driver/Src/stm32g4xx_hal_tim.o
                0x0000000008003330                HAL_TIM_OC_Start
 .text.HAL_TIM_PWM_Start
                0x0000000008003438        0x4 ./Drivers/STM32G4xx_HAL_Driver/Src/stm32g4xx_hal_tim.o
                0x0000000008003438                HAL_TIM_PWM_Start
 .text.HAL_TIM_OC_Start_DMA
                0x000000000800343c      0x1ec ./Drivers/STM32G4xx_HAL_Driver/Src/stm32g4xx_hal_tim.o
                0x000000000800343c                HAL_TIM_OC_Start_DMA
 .text.HAL_TIM_PWM_Start_DMA
                0x0000000008003628        0x4 ./Drivers/STM32G4xx_HAL_Driver/Src/stm32g4xx_hal_tim.o
                0x0000000008003628                HAL_TIM_PWM_Start_DMA
 .text.HAL_TIMEx_MasterConfigSynchronization
                0x000000000800362c       0x88 ./Drivers/STM32G4xx_HAL_Driver/Src/stm32g4xx_hal_tim_ex.o
                0x000000000800362c                HAL_TIMEx_MasterConfigSynchronization
 .text.HAL_TIMEx_ConfigBreakDeadTime
                0x00000000080036b4       0xb0 ./Drivers/STM32G4xx_HAL_Driver/Src/stm32g4xx_hal_tim_ex.o
                0x00000000080036b4                HAL_TIMEx_ConfigBreakDeadTime
 .text.HAL_TIMEx_CommutCallback
                0x0000000008003764        0x2 ./Drivers/STM32G4xx_HAL_Driver/Src/stm32g4xx_hal_tim_ex.o
                0x0000000008003764                HAL_TIMEx_CommutCallback
 .text.HAL_TIMEx_BreakCallback
                0x0000000008003766        0x2 ./Drivers/STM32G4xx_HAL_Driver/Src/stm32g4xx_hal_tim_ex.o
                0x0000000008003766                HAL_TIMEx_BreakCallback
 .text.HAL_TIMEx_Break2Callback
                0x0000000008003768        0x2 ./Drivers/STM32G4xx_HAL_Driver/Src/stm32g4xx_hal_tim_ex.o
                0x0000000008003768                HAL_TIMEx_Break2Callback
 .text.HAL_TIMEx_EncoderIndexCallback
                0x000000000800376a        0x2 ./Drivers/STM32G4xx_HAL_Driver/Src/stm32g4xx_hal_tim_ex.o
                0x000000000800376a                HAL_TIMEx_EncoderIndexCallback
 .text.HAL_TIMEx_DirectionChangeCallback
                0x000000000800376c        0x2 ./Drivers/STM32G4xx_HAL_Driver/Src/stm32g4xx_hal_tim_ex.o
                0x000000000800376c                HAL_TIMEx_DirectionChangeCallback
 .text.HAL_TIMEx_IndexErrorCallback
                0x000000000800376e        0x2 ./Drivers/STM32G4xx_HAL_Driver/Src/stm32g4xx_hal_tim_ex.o
                0x000000000800376e                HAL_TIMEx_IndexErrorCallback
 .text.HAL_TIMEx_TransitionErrorCallback
                0x0000000008003770        0x2 ./Drivers/STM32G4xx_HAL_Driver/Src/stm32g4xx_hal_tim_ex.o
                0x0000000008003770                HAL_TIMEx_TransitionErrorCallback
 .text.USB_EnableGlobalInt
                0x0000000008003772       0x12 ./Drivers/STM32G4xx_HAL_Driver/Src/stm32g4xx_ll_usb.o
                0x0000000008003772                USB_EnableGlobalInt
 .text.USB_DisableGlobalInt
                0x0000000008003784       0x14 ./Drivers/STM32G4xx_HAL_Driver/Src/stm32g4xx_ll_usb.o
                0x0000000008003784                USB_DisableGlobalInt
 .text.USB_DevInit
                0x0000000008003798       0x28 ./Drivers/STM32G4xx_HAL_Driver/Src/stm32g4xx_ll_usb.o
                0x0000000008003798                USB_DevInit
 .text.USB_ActivateEndpoint
                0x00000000080037c0      0x2e0 ./Drivers/STM32G4xx_HAL_Driver/Src/stm32g4xx_ll_usb.o
                0x00000000080037c0                USB_ActivateEndpoint
 .text.USB_DeactivateEndpoint
                0x0000000008003aa0      0x1be ./Drivers/STM32G4xx_HAL_Driver/Src/stm32g4xx_ll_usb.o
                0x0000000008003aa0                USB_DeactivateEndpoint
 .text.USB_EPSetStall
                0x0000000008003c5e       0x40 ./Drivers/STM32G4xx_HAL_Driver/Src/stm32g4xx_ll_usb.o
                0x0000000008003c5e                USB_EPSetStall
 .text.USB_EPClearStall
                0x0000000008003c9e       0x96 ./Drivers/STM32G4xx_HAL_Driver/Src/stm32g4xx_ll_usb.o
                0x0000000008003c9e                USB_EPClearStall
 .text.USB_SetDevAddress
                0x0000000008003d34        0xc ./Drivers/STM32G4xx_HAL_Driver/Src/stm32g4xx_ll_usb.o
                0x0000000008003d34                USB_SetDevAddress
 .text.USB_DevConnect
                0x0000000008003d40       0x16 ./Drivers/STM32G4xx_HAL_Driver/Src/stm32g4xx_ll_usb.o
                0x0000000008003d40                USB_DevConnect
 .text.USB_ReadInterrupts
                0x0000000008003d56        0x8 ./Drivers/STM32G4xx_HAL_Driver/Src/stm32g4xx_ll_usb.o
                0x0000000008003d56                USB_ReadInterrupts
 .text.USB_WritePMA
                0x0000000008003d5e       0x1e ./Drivers/STM32G4xx_HAL_Driver/Src/stm32g4xx_ll_usb.o
                0x0000000008003d5e                USB_WritePMA
 .text.USB_EPStartXfer
                0x0000000008003d7c      0x584 ./Drivers/STM32G4xx_HAL_Driver/Src/stm32g4xx_ll_usb.o
                0x0000000008003d7c                USB_EPStartXfer
 .text.USB_ReadPMA
                0x0000000008004300       0x36 ./Drivers/STM32G4xx_HAL_Driver/Src/stm32g4xx_ll_usb.o
                0x0000000008004300                USB_ReadPMA
 .text.USBD_CDC_EP0_RxReady
                0x0000000008004336       0x2e ./Middlewares/ST/STM32_USB_Device_Library/Class/CDC/Src/usbd_cdc.o
 .text.USBD_CDC_GetFSCfgDesc
                0x0000000008004364        0xc ./Middlewares/ST/STM32_USB_Device_Library/Class/CDC/Src/usbd_cdc.o
 .text.USBD_CDC_GetHSCfgDesc
                0x0000000008004370        0xc ./Middlewares/ST/STM32_USB_Device_Library/Class/CDC/Src/usbd_cdc.o
 .text.USBD_CDC_GetOtherSpeedCfgDesc
                0x000000000800437c        0xc ./Middlewares/ST/STM32_USB_Device_Library/Class/CDC/Src/usbd_cdc.o
 .text.USBD_CDC_GetDeviceQualifierDescriptor
                0x0000000008004388        0xc ./Middlewares/ST/STM32_USB_Device_Library/Class/CDC/Src/usbd_cdc.o
                0x0000000008004388                USBD_CDC_GetDeviceQualifierDescriptor
 .text.USBD_CDC_DataOut
                0x0000000008004394       0x2a ./Middlewares/ST/STM32_USB_Device_Library/Class/CDC/Src/usbd_cdc.o
 .text.USBD_CDC_DataIn
                0x00000000080043be       0x60 ./Middlewares/ST/STM32_USB_Device_Library/Class/CDC/Src/usbd_cdc.o
 *fill*         0x000000000800441e        0x2 
 .text.USBD_CDC_Setup
                0x0000000008004420       0xf8 ./Middlewares/ST/STM32_USB_Device_Library/Class/CDC/Src/usbd_cdc.o
 .text.USBD_CDC_DeInit
                0x0000000008004518       0x42 ./Middlewares/ST/STM32_USB_Device_Library/Class/CDC/Src/usbd_cdc.o
 .text.USBD_CDC_Init
                0x000000000800455a       0xa6 ./Middlewares/ST/STM32_USB_Device_Library/Class/CDC/Src/usbd_cdc.o
 .text.USBD_CDC_RegisterInterface
                0x0000000008004600        0xe ./Middlewares/ST/STM32_USB_Device_Library/Class/CDC/Src/usbd_cdc.o
                0x0000000008004600                USBD_CDC_RegisterInterface
 .text.USBD_CDC_SetTxBuffer
                0x000000000800460e       0x16 ./Middlewares/ST/STM32_USB_Device_Library/Class/CDC/Src/usbd_cdc.o
                0x000000000800460e                USBD_CDC_SetTxBuffer
 .text.USBD_CDC_SetRxBuffer
                0x0000000008004624       0x12 ./Middlewares/ST/STM32_USB_Device_Library/Class/CDC/Src/usbd_cdc.o
                0x0000000008004624                USBD_CDC_SetRxBuffer
 .text.USBD_CDC_TransmitPacket
                0x0000000008004636       0x30 ./Middlewares/ST/STM32_USB_Device_Library/Class/CDC/Src/usbd_cdc.o
                0x0000000008004636                USBD_CDC_TransmitPacket
 .text.USBD_CDC_ReceivePacket
                0x0000000008004666       0x2e ./Middlewares/ST/STM32_USB_Device_Library/Class/CDC/Src/usbd_cdc.o
                0x0000000008004666                USBD_CDC_ReceivePacket
 .text.USBD_Init
                0x0000000008004694       0x26 ./Middlewares/ST/STM32_USB_Device_Library/Core/Src/usbd_core.o
                0x0000000008004694                USBD_Init
 .text.USBD_RegisterClass
                0x00000000080046ba       0x2c ./Middlewares/ST/STM32_USB_Device_Library/Core/Src/usbd_core.o
                0x00000000080046ba                USBD_RegisterClass
 .text.USBD_Start
                0x00000000080046e6        0x4 ./Middlewares/ST/STM32_USB_Device_Library/Core/Src/usbd_core.o
                0x00000000080046e6                USBD_Start
 .text.USBD_SetClassConfig
                0x00000000080046ea        0xe ./Middlewares/ST/STM32_USB_Device_Library/Core/Src/usbd_core.o
                0x00000000080046ea                USBD_SetClassConfig
 .text.USBD_ClrClassConfig
                0x00000000080046f8       0x10 ./Middlewares/ST/STM32_USB_Device_Library/Core/Src/usbd_core.o
                0x00000000080046f8                USBD_ClrClassConfig
 .text.USBD_LL_SetupStage
                0x0000000008004708       0x60 ./Middlewares/ST/STM32_USB_Device_Library/Core/Src/usbd_core.o
                0x0000000008004708                USBD_LL_SetupStage
 .text.USBD_LL_DataOutStage
                0x0000000008004768       0x60 ./Middlewares/ST/STM32_USB_Device_Library/Core/Src/usbd_core.o
                0x0000000008004768                USBD_LL_DataOutStage
 .text.USBD_LL_DataInStage
                0x00000000080047c8       0xa4 ./Middlewares/ST/STM32_USB_Device_Library/Core/Src/usbd_core.o
                0x00000000080047c8                USBD_LL_DataInStage
 .text.USBD_LL_Reset
                0x000000000800486c       0x58 ./Middlewares/ST/STM32_USB_Device_Library/Core/Src/usbd_core.o
                0x000000000800486c                USBD_LL_Reset
 .text.USBD_LL_SetSpeed
                0x00000000080048c4        0x6 ./Middlewares/ST/STM32_USB_Device_Library/Core/Src/usbd_core.o
                0x00000000080048c4                USBD_LL_SetSpeed
 .text.USBD_LL_Suspend
                0x00000000080048ca       0x14 ./Middlewares/ST/STM32_USB_Device_Library/Core/Src/usbd_core.o
                0x00000000080048ca                USBD_LL_Suspend
 .text.USBD_LL_Resume
                0x00000000080048de       0x16 ./Middlewares/ST/STM32_USB_Device_Library/Core/Src/usbd_core.o
                0x00000000080048de                USBD_LL_Resume
 .text.USBD_LL_SOF
                0x00000000080048f4       0x22 ./Middlewares/ST/STM32_USB_Device_Library/Core/Src/usbd_core.o
                0x00000000080048f4                USBD_LL_SOF
 .text.USBD_CtlError.constprop.0
                0x0000000008004916       0x16 ./Middlewares/ST/STM32_USB_Device_Library/Core/Src/usbd_ctlreq.o
 .text.USBD_StdDevReq
                0x000000000800492c      0x298 ./Middlewares/ST/STM32_USB_Device_Library/Core/Src/usbd_ctlreq.o
                0x000000000800492c                USBD_StdDevReq
 .text.USBD_StdItfReq
                0x0000000008004bc4       0x4c ./Middlewares/ST/STM32_USB_Device_Library/Core/Src/usbd_ctlreq.o
                0x0000000008004bc4                USBD_StdItfReq
 .text.USBD_StdEPReq
                0x0000000008004c10      0x11e ./Middlewares/ST/STM32_USB_Device_Library/Core/Src/usbd_ctlreq.o
                0x0000000008004c10                USBD_StdEPReq
 .text.USBD_ParseSetupRequest
                0x0000000008004d2e       0x28 ./Middlewares/ST/STM32_USB_Device_Library/Core/Src/usbd_ctlreq.o
                0x0000000008004d2e                USBD_ParseSetupRequest
 .text.USBD_CtlError
                0x0000000008004d56       0x16 ./Middlewares/ST/STM32_USB_Device_Library/Core/Src/usbd_ctlreq.o
                0x0000000008004d56                USBD_CtlError
 .text.USBD_GetString
                0x0000000008004d6c       0x38 ./Middlewares/ST/STM32_USB_Device_Library/Core/Src/usbd_ctlreq.o
                0x0000000008004d6c                USBD_GetString
 .text.USBD_CtlSendData
                0x0000000008004da4       0x1a ./Middlewares/ST/STM32_USB_Device_Library/Core/Src/usbd_ioreq.o
                0x0000000008004da4                USBD_CtlSendData
 .text.USBD_CtlContinueSendData
                0x0000000008004dbe       0x10 ./Middlewares/ST/STM32_USB_Device_Library/Core/Src/usbd_ioreq.o
                0x0000000008004dbe                USBD_CtlContinueSendData
 .text.USBD_CtlPrepareRx
                0x0000000008004dce       0x1a ./Middlewares/ST/STM32_USB_Device_Library/Core/Src/usbd_ioreq.o
                0x0000000008004dce                USBD_CtlPrepareRx
 .text.USBD_CtlContinueRx
                0x0000000008004de8       0x10 ./Middlewares/ST/STM32_USB_Device_Library/Core/Src/usbd_ioreq.o
                0x0000000008004de8                USBD_CtlContinueRx
 .text.USBD_CtlSendStatus
                0x0000000008004df8       0x16 ./Middlewares/ST/STM32_USB_Device_Library/Core/Src/usbd_ioreq.o
                0x0000000008004df8                USBD_CtlSendStatus
 .text.USBD_CtlReceiveStatus
                0x0000000008004e0e       0x16 ./Middlewares/ST/STM32_USB_Device_Library/Core/Src/usbd_ioreq.o
                0x0000000008004e0e                USBD_CtlReceiveStatus
 .text.MX_USB_Device_Init
                0x0000000008004e24       0x50 ./USB_Device/App/usb_device.o
                0x0000000008004e24                MX_USB_Device_Init
 .text.CDC_DeInit_FS
                0x0000000008004e74        0x4 ./USB_Device/App/usbd_cdc_if.o
 .text.CDC_Control_FS
                0x0000000008004e78        0x4 ./USB_Device/App/usbd_cdc_if.o
 .text.CDC_TransmitCplt_FS
                0x0000000008004e7c        0x4 ./USB_Device/App/usbd_cdc_if.o
 .text.CDC_Receive_FS
                0x0000000008004e80       0x20 ./USB_Device/App/usbd_cdc_if.o
 .text.CDC_Init_FS
                0x0000000008004ea0       0x28 ./USB_Device/App/usbd_cdc_if.o
 .text.CDC_Transmit_FS
                0x0000000008004ec8       0x2c ./USB_Device/App/usbd_cdc_if.o
                0x0000000008004ec8                CDC_Transmit_FS
 .text.USBD_CDC_DeviceDescriptor
                0x0000000008004ef4        0xc ./USB_Device/App/usbd_desc.o
                0x0000000008004ef4                USBD_CDC_DeviceDescriptor
 .text.USBD_CDC_LangIDStrDescriptor
                0x0000000008004f00        0xc ./USB_Device/App/usbd_desc.o
                0x0000000008004f00                USBD_CDC_LangIDStrDescriptor
 .text.IntToUnicode
                0x0000000008004f0c       0x2a ./USB_Device/App/usbd_desc.o
 *fill*         0x0000000008004f36        0x2 
 .text.USBD_CDC_SerialStrDescriptor
                0x0000000008004f38       0x40 ./USB_Device/App/usbd_desc.o
                0x0000000008004f38                USBD_CDC_SerialStrDescriptor
 .text.USBD_CDC_ManufacturerStrDescriptor
                0x0000000008004f78       0x1c ./USB_Device/App/usbd_desc.o
                0x0000000008004f78                USBD_CDC_ManufacturerStrDescriptor
 .text.USBD_CDC_ProductStrDescriptor
                0x0000000008004f94       0x1c ./USB_Device/App/usbd_desc.o
                0x0000000008004f94                USBD_CDC_ProductStrDescriptor
 .text.USBD_CDC_ConfigStrDescriptor
                0x0000000008004fb0       0x1c ./USB_Device/App/usbd_desc.o
                0x0000000008004fb0                USBD_CDC_ConfigStrDescriptor
 .text.USBD_CDC_InterfaceStrDescriptor
                0x0000000008004fcc       0x1c ./USB_Device/App/usbd_desc.o
                0x0000000008004fcc                USBD_CDC_InterfaceStrDescriptor
 .text.HAL_PCD_MspInit
                0x0000000008004fe8       0x60 ./USB_Device/Target/usbd_conf.o
                0x0000000008004fe8                HAL_PCD_MspInit
 .text.HAL_PCD_SetupStageCallback
                0x0000000008005048        0xc ./USB_Device/Target/usbd_conf.o
                0x0000000008005048                HAL_PCD_SetupStageCallback
 .text.HAL_PCD_DataOutStageCallback
                0x0000000008005054       0x12 ./USB_Device/Target/usbd_conf.o
                0x0000000008005054                HAL_PCD_DataOutStageCallback
 .text.HAL_PCD_DataInStageCallback
                0x0000000008005066       0x10 ./USB_Device/Target/usbd_conf.o
                0x0000000008005066                HAL_PCD_DataInStageCallback
 .text.HAL_PCD_SOFCallback
                0x0000000008005076        0x8 ./USB_Device/Target/usbd_conf.o
                0x0000000008005076                HAL_PCD_SOFCallback
 .text.HAL_PCD_ResetCallback
                0x000000000800507e       0x24 ./USB_Device/Target/usbd_conf.o
                0x000000000800507e                HAL_PCD_ResetCallback
 *fill*         0x00000000080050a2        0x2 
 .text.HAL_PCD_SuspendCallback
                0x00000000080050a4       0x20 ./USB_Device/Target/usbd_conf.o
                0x00000000080050a4                HAL_PCD_SuspendCallback
 .text.HAL_PCD_ResumeCallback
                0x00000000080050c4       0x28 ./USB_Device/Target/usbd_conf.o
                0x00000000080050c4                HAL_PCD_ResumeCallback
 .text.USBD_LL_Init
                0x00000000080050ec       0x88 ./USB_Device/Target/usbd_conf.o
                0x00000000080050ec                USBD_LL_Init
 .text.USBD_LL_Start
                0x0000000008005174       0x1c ./USB_Device/Target/usbd_conf.o
                0x0000000008005174                USBD_LL_Start
 .text.USBD_LL_OpenEP
                0x0000000008005190       0x20 ./USB_Device/Target/usbd_conf.o
                0x0000000008005190                USBD_LL_OpenEP
 .text.USBD_LL_CloseEP
                0x00000000080051b0       0x1c ./USB_Device/Target/usbd_conf.o
                0x00000000080051b0                USBD_LL_CloseEP
 .text.USBD_LL_StallEP
                0x00000000080051cc       0x1c ./USB_Device/Target/usbd_conf.o
                0x00000000080051cc                USBD_LL_StallEP
 .text.USBD_LL_ClearStallEP
                0x00000000080051e8       0x1c ./USB_Device/Target/usbd_conf.o
                0x00000000080051e8                USBD_LL_ClearStallEP
 .text.USBD_LL_IsStallEP
                0x0000000008005204       0x28 ./USB_Device/Target/usbd_conf.o
                0x0000000008005204                USBD_LL_IsStallEP
 .text.USBD_LL_SetUSBAddress
                0x000000000800522c       0x1c ./USB_Device/Target/usbd_conf.o
                0x000000000800522c                USBD_LL_SetUSBAddress
 .text.USBD_LL_Transmit
                0x0000000008005248       0x1c ./USB_Device/Target/usbd_conf.o
                0x0000000008005248                USBD_LL_Transmit
 .text.USBD_LL_PrepareReceive
                0x0000000008005264       0x1c ./USB_Device/Target/usbd_conf.o
                0x0000000008005264                USBD_LL_PrepareReceive
 .text.USBD_LL_GetRxDataSize
                0x0000000008005280        0x8 ./USB_Device/Target/usbd_conf.o
                0x0000000008005280                USBD_LL_GetRxDataSize
 .text.HAL_PCDEx_LPM_Callback
                0x0000000008005288       0x48 ./USB_Device/Target/usbd_conf.o
                0x0000000008005288                HAL_PCDEx_LPM_Callback
 .text.USBD_static_malloc
                0x00000000080052d0        0x8 ./USB_Device/Target/usbd_conf.o
                0x00000000080052d0                USBD_static_malloc
 .text.USBD_static_free
                0x00000000080052d8        0x2 ./USB_Device/Target/usbd_conf.o
                0x00000000080052d8                USBD_static_free
 *fill*         0x00000000080052da        0x2 
 .text.__libc_init_array
                0x00000000080052dc       0x48 /opt/st/stm32cubeide_1.8.0/plugins/com.st.stm32cube.ide.mcu.externaltools.gnu-tools-for-stm32.9-2020-q2-update.linux64_2.0.0.202105311346/tools/bin/../lib/gcc/arm-none-eabi/9.3.1/../../../../arm-none-eabi/lib/thumb/v7e-m+fp/hard/libc_nano.a(lib_a-init.o)
                0x00000000080052dc                __libc_init_array
 .text.memset   0x0000000008005324       0x10 /opt/st/stm32cubeide_1.8.0/plugins/com.st.stm32cube.ide.mcu.externaltools.gnu-tools-for-stm32.9-2020-q2-update.linux64_2.0.0.202105311346/tools/bin/../lib/gcc/arm-none-eabi/9.3.1/../../../../arm-none-eabi/lib/thumb/v7e-m+fp/hard/libc_nano.a(lib_a-memset.o)
                0x0000000008005324                memset
 *(.glue_7)
 .glue_7        0x0000000008005334        0x0 linker stubs
 *(.glue_7t)
 .glue_7t       0x0000000008005334        0x0 linker stubs
 *(.eh_frame)
 .eh_frame      0x0000000008005334        0x0 /opt/st/stm32cubeide_1.8.0/plugins/com.st.stm32cube.ide.mcu.externaltools.gnu-tools-for-stm32.9-2020-q2-update.linux64_2.0.0.202105311346/tools/bin/../lib/gcc/arm-none-eabi/9.3.1/thumb/v7e-m+fp/hard/crtbegin.o
 *(.init)
 .init          0x0000000008005334        0x4 /opt/st/stm32cubeide_1.8.0/plugins/com.st.stm32cube.ide.mcu.externaltools.gnu-tools-for-stm32.9-2020-q2-update.linux64_2.0.0.202105311346/tools/bin/../lib/gcc/arm-none-eabi/9.3.1/thumb/v7e-m+fp/hard/crti.o
                0x0000000008005334                _init
 .init          0x0000000008005338        0x8 /opt/st/stm32cubeide_1.8.0/plugins/com.st.stm32cube.ide.mcu.externaltools.gnu-tools-for-stm32.9-2020-q2-update.linux64_2.0.0.202105311346/tools/bin/../lib/gcc/arm-none-eabi/9.3.1/thumb/v7e-m+fp/hard/crtn.o
 *(.fini)
 .fini          0x0000000008005340        0x4 /opt/st/stm32cubeide_1.8.0/plugins/com.st.stm32cube.ide.mcu.externaltools.gnu-tools-for-stm32.9-2020-q2-update.linux64_2.0.0.202105311346/tools/bin/../lib/gcc/arm-none-eabi/9.3.1/thumb/v7e-m+fp/hard/crti.o
                0x0000000008005340                _fini
 .fini          0x0000000008005344        0x8 /opt/st/stm32cubeide_1.8.0/plugins/com.st.stm32cube.ide.mcu.externaltools.gnu-tools-for-stm32.9-2020-q2-update.linux64_2.0.0.202105311346/tools/bin/../lib/gcc/arm-none-eabi/9.3.1/thumb/v7e-m+fp/hard/crtn.o
                0x000000000800534c                . = ALIGN (0x4)
                0x000000000800534c                _etext = .

.vfp11_veneer   0x000000000800534c        0x0
 .vfp11_veneer  0x000000000800534c        0x0 linker stubs

.v4_bx          0x000000000800534c        0x0
 .v4_bx         0x000000000800534c        0x0 linker stubs

.iplt           0x000000000800534c        0x0
 .iplt          0x000000000800534c        0x0 /opt/st/stm32cubeide_1.8.0/plugins/com.st.stm32cube.ide.mcu.externaltools.gnu-tools-for-stm32.9-2020-q2-update.linux64_2.0.0.202105311346/tools/bin/../lib/gcc/arm-none-eabi/9.3.1/thumb/v7e-m+fp/hard/crtbegin.o

.rodata         0x000000000800534c       0x58
                0x000000000800534c                . = ALIGN (0x4)
 *(.rodata)
 *(.rodata*)
 .rodata.AHBPrescTable
                0x000000000800534c       0x10 ./Core/Src/system_stm32g4xx.o
                0x000000000800534c                AHBPrescTable
 .rodata.USBD_CDC_ManufacturerStrDescriptor.str1.1
                0x000000000800535c       0x13 ./USB_Device/App/usbd_desc.o
 .rodata.USBD_CDC_ProductStrDescriptor.str1.1
                0x000000000800536f       0x16 ./USB_Device/App/usbd_desc.o
 .rodata.USBD_CDC_ConfigStrDescriptor.str1.1
                0x0000000008005385        0xb ./USB_Device/App/usbd_desc.o
 .rodata.USBD_CDC_InterfaceStrDescriptor.str1.1
                0x0000000008005390        0xe ./USB_Device/App/usbd_desc.o
 .rodata.CSWTCH.3
                0x000000000800539e        0x4 ./USB_Device/Target/usbd_conf.o
                0x00000000080053a4                . = ALIGN (0x4)
 *fill*         0x00000000080053a2        0x2 

.rel.dyn        0x00000000080053a4        0x0
 .rel.iplt      0x00000000080053a4        0x0 /opt/st/stm32cubeide_1.8.0/plugins/com.st.stm32cube.ide.mcu.externaltools.gnu-tools-for-stm32.9-2020-q2-update.linux64_2.0.0.202105311346/tools/bin/../lib/gcc/arm-none-eabi/9.3.1/thumb/v7e-m+fp/hard/crtbegin.o

.ARM.extab      0x00000000080053a4        0x0
                0x00000000080053a4                . = ALIGN (0x4)
 *(.ARM.extab* .gnu.linkonce.armextab.*)
                0x00000000080053a4                . = ALIGN (0x4)

.ARM            0x00000000080053a4        0x0
                0x00000000080053a4                . = ALIGN (0x4)
                0x00000000080053a4                __exidx_start = .
 *(.ARM.exidx*)
                0x00000000080053a4                __exidx_end = .
                0x00000000080053a4                . = ALIGN (0x4)

.preinit_array  0x00000000080053a4        0x0
                0x00000000080053a4                . = ALIGN (0x4)
                0x00000000080053a4                PROVIDE (__preinit_array_start = .)
 *(.preinit_array*)
                0x00000000080053a4                PROVIDE (__preinit_array_end = .)
                0x00000000080053a4                . = ALIGN (0x4)

.init_array     0x00000000080053a4        0x4
                0x00000000080053a4                . = ALIGN (0x4)
                0x00000000080053a4                PROVIDE (__init_array_start = .)
 *(SORT_BY_NAME(.init_array.*))
 *(.init_array*)
 .init_array    0x00000000080053a4        0x4 /opt/st/stm32cubeide_1.8.0/plugins/com.st.stm32cube.ide.mcu.externaltools.gnu-tools-for-stm32.9-2020-q2-update.linux64_2.0.0.202105311346/tools/bin/../lib/gcc/arm-none-eabi/9.3.1/thumb/v7e-m+fp/hard/crtbegin.o
                0x00000000080053a8                PROVIDE (__init_array_end = .)
                0x00000000080053a8                . = ALIGN (0x4)

.fini_array     0x00000000080053a8        0x4
                0x00000000080053a8                . = ALIGN (0x4)
                [!provide]                        PROVIDE (__fini_array_start = .)
 *(SORT_BY_NAME(.fini_array.*))
 *(.fini_array*)
 .fini_array    0x00000000080053a8        0x4 /opt/st/stm32cubeide_1.8.0/plugins/com.st.stm32cube.ide.mcu.externaltools.gnu-tools-for-stm32.9-2020-q2-update.linux64_2.0.0.202105311346/tools/bin/../lib/gcc/arm-none-eabi/9.3.1/thumb/v7e-m+fp/hard/crtbegin.o
                [!provide]                        PROVIDE (__fini_array_end = .)
                0x00000000080053ac                . = ALIGN (0x4)
                0x00000000080053ac                _sidata = LOADADDR (.data)

.data           0x0000000020000000      0x1ac load address 0x00000000080053ac
                0x0000000020000000                . = ALIGN (0x4)
                0x0000000020000000                _sdata = .
 *(.data)
 *(.data*)
 .data.motor1Control
                0x0000000020000000        0xc ./Core/Src/main.o
                0x0000000020000000                motor1Control
 .data.motor2Control
                0x000000002000000c        0xc ./Core/Src/main.o
                0x000000002000000c                motor2Control
 .data.motor3Control
                0x0000000020000018        0xc ./Core/Src/main.o
                0x0000000020000018                motor3Control
 .data.nSleepPWMValues
                0x0000000020000024        0x4 ./Core/Src/main.o
                0x0000000020000024                nSleepPWMValues
 .data.SystemCoreClock
                0x0000000020000028        0x4 ./Core/Src/system_stm32g4xx.o
                0x0000000020000028                SystemCoreClock
 .data.uwTickFreq
                0x000000002000002c        0x4 ./Drivers/STM32G4xx_HAL_Driver/Src/stm32g4xx_hal.o
                0x000000002000002c                uwTickFreq
 .data.uwTickPrio
                0x0000000020000030        0x4 ./Drivers/STM32G4xx_HAL_Driver/Src/stm32g4xx_hal.o
                0x0000000020000030                uwTickPrio
 .data.USBD_CDC
                0x0000000020000034       0x38 ./Middlewares/ST/STM32_USB_Device_Library/Class/CDC/Src/usbd_cdc.o
                0x0000000020000034                USBD_CDC
 .data.USBD_CDC_CfgFSDesc
                0x000000002000006c       0x43 ./Middlewares/ST/STM32_USB_Device_Library/Class/CDC/Src/usbd_cdc.o
 *fill*         0x00000000200000af        0x1 
 .data.USBD_CDC_CfgHSDesc
                0x00000000200000b0       0x43 ./Middlewares/ST/STM32_USB_Device_Library/Class/CDC/Src/usbd_cdc.o
 *fill*         0x00000000200000f3        0x1 
 .data.USBD_CDC_DeviceQualifierDesc
                0x00000000200000f4        0xa ./Middlewares/ST/STM32_USB_Device_Library/Class/CDC/Src/usbd_cdc.o
 *fill*         0x00000000200000fe        0x2 
 .data.USBD_CDC_OtherSpeedCfgDesc
                0x0000000020000100       0x43 ./Middlewares/ST/STM32_USB_Device_Library/Class/CDC/Src/usbd_cdc.o
 *fill*         0x0000000020000143        0x1 
 .data.USBD_Interface_fops_FS
                0x0000000020000144       0x14 ./USB_Device/App/usbd_cdc_if.o
                0x0000000020000144                USBD_Interface_fops_FS
 .data.CDC_Desc
                0x0000000020000158       0x20 ./USB_Device/App/usbd_desc.o
                0x0000000020000158                CDC_Desc
 .data.USBD_CDC_DeviceDesc
                0x0000000020000178       0x12 ./USB_Device/App/usbd_desc.o
                0x0000000020000178                USBD_CDC_DeviceDesc
 *fill*         0x000000002000018a        0x2 
 .data.USBD_LangIDDesc
                0x000000002000018c        0x4 ./USB_Device/App/usbd_desc.o
                0x000000002000018c                USBD_LangIDDesc
 .data.USBD_StringSerial
                0x0000000020000190       0x1a ./USB_Device/App/usbd_desc.o
                0x0000000020000190                USBD_StringSerial
 *(.RamFunc)
 *(.RamFunc*)
                0x00000000200001ac                . = ALIGN (0x4)
 *fill*         0x00000000200001aa        0x2 
                0x00000000200001ac                _edata = .

.igot.plt       0x00000000200001ac        0x0 load address 0x0000000008005558
 .igot.plt      0x00000000200001ac        0x0 /opt/st/stm32cubeide_1.8.0/plugins/com.st.stm32cube.ide.mcu.externaltools.gnu-tools-for-stm32.9-2020-q2-update.linux64_2.0.0.202105311346/tools/bin/../lib/gcc/arm-none-eabi/9.3.1/thumb/v7e-m+fp/hard/crtbegin.o
                0x00000000200001ac                . = ALIGN (0x4)

.bss            0x00000000200001ac     0x1454 load address 0x0000000008005558
                0x00000000200001ac                _sbss = .
                0x00000000200001ac                __bss_start__ = _sbss
 *(.bss)
 .bss           0x00000000200001ac       0x1c /opt/st/stm32cubeide_1.8.0/plugins/com.st.stm32cube.ide.mcu.externaltools.gnu-tools-for-stm32.9-2020-q2-update.linux64_2.0.0.202105311346/tools/bin/../lib/gcc/arm-none-eabi/9.3.1/thumb/v7e-m+fp/hard/crtbegin.o
 *(.bss*)
 .bss.command   0x00000000200001c8        0xa ./Core/Src/main.o
                0x00000000200001c8                command
 .bss.isCommandReceived
                0x00000000200001d2        0x1 ./Core/Src/main.o
                0x00000000200001d2                isCommandReceived
 .bss.cfgidx.10653
                0x00000000200001d3        0x1 ./Middlewares/ST/STM32_USB_Device_Library/Core/Src/usbd_ctlreq.o
 .bss.mem.10732
                0x00000000200001d4      0x220 ./USB_Device/Target/usbd_conf.o
 *(COMMON)
 COMMON         0x00000000200003f4      0x274 ./Core/Src/main.o
                0x00000000200003f4                htim4
                0x0000000020000440                htim17
                0x000000002000048c                htim3
                0x00000000200004d8                htim6
                0x0000000020000524                htim1
                0x0000000020000570                hdma_tim16_ch1
                0x00000000200005d0                htim2
                0x000000002000061c                htim16
 COMMON         0x0000000020000668        0x4 ./Drivers/STM32G4xx_HAL_Driver/Src/stm32g4xx_hal.o
                0x0000000020000668                uwTick
 COMMON         0x000000002000066c      0x2d0 ./USB_Device/App/usb_device.o
                0x000000002000066c                hUsbDeviceFS
 COMMON         0x000000002000093c      0x7d0 ./USB_Device/App/usbd_cdc_if.o
                0x000000002000093c                UserRxBufferFS
                0x0000000020000d24                UserTxBufferFS
 COMMON         0x000000002000110c      0x200 ./USB_Device/App/usbd_desc.o
                0x000000002000110c                USBD_StrDesc
 COMMON         0x000000002000130c      0x2f4 ./USB_Device/Target/usbd_conf.o
                0x000000002000130c                hpcd_USB_FS
                0x0000000020001600                . = ALIGN (0x4)
                0x0000000020001600                _ebss = .
                0x0000000020001600                __bss_end__ = _ebss

._user_heap_stack
                0x0000000020001600      0x600 load address 0x0000000008005558
                0x0000000020001600                . = ALIGN (0x8)
                [!provide]                        PROVIDE (end = .)
                0x0000000020001600                PROVIDE (_end = .)
                0x0000000020001800                . = (. + _Min_Heap_Size)
 *fill*         0x0000000020001600      0x200 
                0x0000000020001c00                . = (. + _Min_Stack_Size)
 *fill*         0x0000000020001800      0x400 
                0x0000000020001c00                . = ALIGN (0x8)

/DISCARD/
 libc.a(*)
 libm.a(*)
 libgcc.a(*)

.ARM.attributes
                0x0000000000000000       0x30
 *(.ARM.attributes)
 .ARM.attributes
                0x0000000000000000       0x1e /opt/st/stm32cubeide_1.8.0/plugins/com.st.stm32cube.ide.mcu.externaltools.gnu-tools-for-stm32.9-2020-q2-update.linux64_2.0.0.202105311346/tools/bin/../lib/gcc/arm-none-eabi/9.3.1/thumb/v7e-m+fp/hard/crti.o
 .ARM.attributes
                0x000000000000001e       0x34 /opt/st/stm32cubeide_1.8.0/plugins/com.st.stm32cube.ide.mcu.externaltools.gnu-tools-for-stm32.9-2020-q2-update.linux64_2.0.0.202105311346/tools/bin/../lib/gcc/arm-none-eabi/9.3.1/thumb/v7e-m+fp/hard/crtbegin.o
 .ARM.attributes
                0x0000000000000052       0x34 ./Core/Src/main.o
 .ARM.attributes
                0x0000000000000086       0x34 ./Core/Src/stm32g4xx_hal_msp.o
 .ARM.attributes
                0x00000000000000ba       0x34 ./Core/Src/stm32g4xx_it.o
 .ARM.attributes
                0x00000000000000ee       0x34 ./Core/Src/system_stm32g4xx.o
 .ARM.attributes
                0x0000000000000122       0x21 ./Core/Startup/startup_stm32g441kbtx.o
 .ARM.attributes
                0x0000000000000143       0x34 ./Drivers/STM32G4xx_HAL_Driver/Src/stm32g4xx_hal.o
 .ARM.attributes
                0x0000000000000177       0x34 ./Drivers/STM32G4xx_HAL_Driver/Src/stm32g4xx_hal_cortex.o
 .ARM.attributes
                0x00000000000001ab       0x34 ./Drivers/STM32G4xx_HAL_Driver/Src/stm32g4xx_hal_dma.o
 .ARM.attributes
                0x00000000000001df       0x34 ./Drivers/STM32G4xx_HAL_Driver/Src/stm32g4xx_hal_gpio.o
 .ARM.attributes
                0x0000000000000213       0x34 ./Drivers/STM32G4xx_HAL_Driver/Src/stm32g4xx_hal_pcd.o
 .ARM.attributes
                0x0000000000000247       0x34 ./Drivers/STM32G4xx_HAL_Driver/Src/stm32g4xx_hal_pcd_ex.o
 .ARM.attributes
                0x000000000000027b       0x34 ./Drivers/STM32G4xx_HAL_Driver/Src/stm32g4xx_hal_pwr_ex.o
 .ARM.attributes
                0x00000000000002af       0x34 ./Drivers/STM32G4xx_HAL_Driver/Src/stm32g4xx_hal_rcc.o
 .ARM.attributes
                0x00000000000002e3       0x34 ./Drivers/STM32G4xx_HAL_Driver/Src/stm32g4xx_hal_rcc_ex.o
 .ARM.attributes
                0x0000000000000317       0x34 ./Drivers/STM32G4xx_HAL_Driver/Src/stm32g4xx_hal_tim.o
 .ARM.attributes
                0x000000000000034b       0x34 ./Drivers/STM32G4xx_HAL_Driver/Src/stm32g4xx_hal_tim_ex.o
 .ARM.attributes
                0x000000000000037f       0x34 ./Drivers/STM32G4xx_HAL_Driver/Src/stm32g4xx_ll_usb.o
 .ARM.attributes
                0x00000000000003b3       0x34 ./Middlewares/ST/STM32_USB_Device_Library/Class/CDC/Src/usbd_cdc.o
 .ARM.attributes
                0x00000000000003e7       0x34 ./Middlewares/ST/STM32_USB_Device_Library/Core/Src/usbd_core.o
 .ARM.attributes
                0x000000000000041b       0x34 ./Middlewares/ST/STM32_USB_Device_Library/Core/Src/usbd_ctlreq.o
 .ARM.attributes
                0x000000000000044f       0x34 ./Middlewares/ST/STM32_USB_Device_Library/Core/Src/usbd_ioreq.o
 .ARM.attributes
                0x0000000000000483       0x34 ./USB_Device/App/usb_device.o
 .ARM.attributes
                0x00000000000004b7       0x34 ./USB_Device/App/usbd_cdc_if.o
 .ARM.attributes
                0x00000000000004eb       0x34 ./USB_Device/App/usbd_desc.o
 .ARM.attributes
                0x000000000000051f       0x34 ./USB_Device/Target/usbd_conf.o
 .ARM.attributes
                0x0000000000000553       0x34 /opt/st/stm32cubeide_1.8.0/plugins/com.st.stm32cube.ide.mcu.externaltools.gnu-tools-for-stm32.9-2020-q2-update.linux64_2.0.0.202105311346/tools/bin/../lib/gcc/arm-none-eabi/9.3.1/../../../../arm-none-eabi/lib/thumb/v7e-m+fp/hard/libc_nano.a(lib_a-init.o)
 .ARM.attributes
                0x0000000000000587       0x34 /opt/st/stm32cubeide_1.8.0/plugins/com.st.stm32cube.ide.mcu.externaltools.gnu-tools-for-stm32.9-2020-q2-update.linux64_2.0.0.202105311346/tools/bin/../lib/gcc/arm-none-eabi/9.3.1/../../../../arm-none-eabi/lib/thumb/v7e-m+fp/hard/libc_nano.a(lib_a-memset.o)
 .ARM.attributes
                0x00000000000005bb       0x1e /opt/st/stm32cubeide_1.8.0/plugins/com.st.stm32cube.ide.mcu.externaltools.gnu-tools-for-stm32.9-2020-q2-update.linux64_2.0.0.202105311346/tools/bin/../lib/gcc/arm-none-eabi/9.3.1/thumb/v7e-m+fp/hard/crtn.o
OUTPUT(Basket_Robot_MCU.elf elf32-littlearm)
LOAD linker stubs
LOAD /opt/st/stm32cubeide_1.8.0/plugins/com.st.stm32cube.ide.mcu.externaltools.gnu-tools-for-stm32.9-2020-q2-update.linux64_2.0.0.202105311346/tools/bin/../lib/gcc/arm-none-eabi/9.3.1/../../../../arm-none-eabi/lib/thumb/v7e-m+fp/hard/libc.a
LOAD /opt/st/stm32cubeide_1.8.0/plugins/com.st.stm32cube.ide.mcu.externaltools.gnu-tools-for-stm32.9-2020-q2-update.linux64_2.0.0.202105311346/tools/bin/../lib/gcc/arm-none-eabi/9.3.1/../../../../arm-none-eabi/lib/thumb/v7e-m+fp/hard/libm.a
LOAD /opt/st/stm32cubeide_1.8.0/plugins/com.st.stm32cube.ide.mcu.externaltools.gnu-tools-for-stm32.9-2020-q2-update.linux64_2.0.0.202105311346/tools/bin/../lib/gcc/arm-none-eabi/9.3.1/thumb/v7e-m+fp/hard/libgcc.a

.comment        0x0000000000000000       0x53
 .comment       0x0000000000000000       0x53 ./Core/Src/main.o
                                         0x54 (size before relaxing)
 .comment       0x0000000000000053       0x54 ./Core/Src/stm32g4xx_hal_msp.o
 .comment       0x0000000000000053       0x54 ./Core/Src/stm32g4xx_it.o
 .comment       0x0000000000000053       0x54 ./Core/Src/system_stm32g4xx.o
 .comment       0x0000000000000053       0x54 ./Drivers/STM32G4xx_HAL_Driver/Src/stm32g4xx_hal.o
 .comment       0x0000000000000053       0x54 ./Drivers/STM32G4xx_HAL_Driver/Src/stm32g4xx_hal_cortex.o
 .comment       0x0000000000000053       0x54 ./Drivers/STM32G4xx_HAL_Driver/Src/stm32g4xx_hal_dma.o
 .comment       0x0000000000000053       0x54 ./Drivers/STM32G4xx_HAL_Driver/Src/stm32g4xx_hal_gpio.o
 .comment       0x0000000000000053       0x54 ./Drivers/STM32G4xx_HAL_Driver/Src/stm32g4xx_hal_pcd.o
 .comment       0x0000000000000053       0x54 ./Drivers/STM32G4xx_HAL_Driver/Src/stm32g4xx_hal_pcd_ex.o
 .comment       0x0000000000000053       0x54 ./Drivers/STM32G4xx_HAL_Driver/Src/stm32g4xx_hal_pwr_ex.o
 .comment       0x0000000000000053       0x54 ./Drivers/STM32G4xx_HAL_Driver/Src/stm32g4xx_hal_rcc.o
 .comment       0x0000000000000053       0x54 ./Drivers/STM32G4xx_HAL_Driver/Src/stm32g4xx_hal_rcc_ex.o
 .comment       0x0000000000000053       0x54 ./Drivers/STM32G4xx_HAL_Driver/Src/stm32g4xx_hal_tim.o
 .comment       0x0000000000000053       0x54 ./Drivers/STM32G4xx_HAL_Driver/Src/stm32g4xx_hal_tim_ex.o
 .comment       0x0000000000000053       0x54 ./Drivers/STM32G4xx_HAL_Driver/Src/stm32g4xx_ll_usb.o
 .comment       0x0000000000000053       0x54 ./Middlewares/ST/STM32_USB_Device_Library/Class/CDC/Src/usbd_cdc.o
 .comment       0x0000000000000053       0x54 ./Middlewares/ST/STM32_USB_Device_Library/Core/Src/usbd_core.o
 .comment       0x0000000000000053       0x54 ./Middlewares/ST/STM32_USB_Device_Library/Core/Src/usbd_ctlreq.o
 .comment       0x0000000000000053       0x54 ./Middlewares/ST/STM32_USB_Device_Library/Core/Src/usbd_ioreq.o
 .comment       0x0000000000000053       0x54 ./USB_Device/App/usb_device.o
 .comment       0x0000000000000053       0x54 ./USB_Device/App/usbd_cdc_if.o
 .comment       0x0000000000000053       0x54 ./USB_Device/App/usbd_desc.o
 .comment       0x0000000000000053       0x54 ./USB_Device/Target/usbd_conf.o

.debug_frame    0x0000000000000000       0x4c
 .debug_frame   0x0000000000000000       0x2c /opt/st/stm32cubeide_1.8.0/plugins/com.st.stm32cube.ide.mcu.externaltools.gnu-tools-for-stm32.9-2020-q2-update.linux64_2.0.0.202105311346/tools/bin/../lib/gcc/arm-none-eabi/9.3.1/../../../../arm-none-eabi/lib/thumb/v7e-m+fp/hard/libc_nano.a(lib_a-init.o)
 .debug_frame   0x000000000000002c       0x20 /opt/st/stm32cubeide_1.8.0/plugins/com.st.stm32cube.ide.mcu.externaltools.gnu-tools-for-stm32.9-2020-q2-update.linux64_2.0.0.202105311346/tools/bin/../lib/gcc/arm-none-eabi/9.3.1/../../../../arm-none-eabi/lib/thumb/v7e-m+fp/hard/libc_nano.a(lib_a-memset.o)
