Drill report for /home/adminpc/Documents/UTIT 2021-2022/Competitive Robotics/Repos basketball_New/mygrouprob_basketballelectronics_project/Component Schematic/components_main_board/components_main_board.kicad_pcb
Created on E 20 dets  2021 18:21:01

Copper Layer Stackup:
    =============================================================
    L1 :  F.Cu                      front
    L2 :  GND.Cu                    in1
    L3 :  GNDPWR.Cu                 in2
    L4 :  B.Cu                      back


Drill file 'components_main_board-PTH.drl' contains
    plated through holes:
    =============================================================
    T1  0,200mm  0,0079"  (139 holes)
    T2  0,500mm  0,0197"  (2 holes)  (with 2 slots)
    T3  0,850mm  0,0335"  (16 holes)
    T4  2,200mm  0,0866"  (4 holes)

    Total plated holes count 161


Drill file 'components_main_board-NPTH.drl' contains
    unplated through holes:
    =============================================================
    T1  0,500mm  0,0197"  (2 holes)
    T2  1,550mm  0,0610"  (4 holes)

    Total unplated holes count 6
